<html>
<body>
<pre>
<h1>µVision Build Log</h1>
<h2>Project:</h2>
F:\Code\stm32f103\project\stm32f103c8t.uvproj
Project File Date:  04/15/2020

<h2>Output:</h2>
Build target 'stm32f103c8t'
compiling main.c...
linking...
Program Size: Code=4400 RO-data=336 RW-data=52 ZI-data=1540  
FromELF: creating hex file...
".\stm32f103c8t.axf" - 0 Error(s), 0 Warning(s).
Load "F:\\Code\\stm32f103\\project\\stm32f103c8t.axf" 
Erase Done.
Programming Done.
Verify OK.
Application running ...
pplication running ...
.
"..\hardware\tft_144.c" - 0 Error(s), 0 Warning(s).
exti.c...
compiling stm32f10x_flash.c...
compiling stm32f10x_fsmc.c...
compiling stm32f10x_gpio.c...
compiling stm32f10x_i2c.c...
compiling stm32f10x_iwdg.c...
compiling stm32f10x_pwr.c...
compiling stm32f10x_rcc.c...
compiling stm32f10x_rtc.c...
compiling stm32f10x_sdio.c...
compiling stm32f10x_spi.c...
compiling stm32f10x_tim.c...
compiling stm32f10x_usart.c...
compiling stm32f10x_wwdg.c...
compiling main.c...
compiling stm32f10x_it.c...
compiling sdcard.c...
compiling spi_conf.c...
compiling tft_144.c...
compiling UART.c...
linking...
Program Size: Code=4384 RO-data=336 RW-data=52 ZI-data=1540  
FromELF: creating hex file...
".\stm32f103c8t.axf" - 0 Error(s), 0 Warning(s).
2f103c8t.axf" 
Erase Done.
Programming Done.
Verify OK.
Application running ...
